运行时间(UTC)：2026-09-16 08:29:12
触发提交：dcd9fd0bda7270b2e1c07780e1a5853fc5fc7b1d
== 追加 待入库/待入库_红伞莫奈.json ==
ℹ 459 条结构相似提示（不拦截）：
    sd2-008 与 sd2-130 结构相似（n-gram 46%，模板变体/规格话术复用）
    sd2-008 与 hl3-003 结构相似（n-gram 50%，模板变体/规格话术复用）
    sd2-027 与 hl3-003 结构相似（n-gram 51%，模板变体/规格话术复用）
    sd2-127 与 hl3-003 结构相似（n-gram 46%，模板变体/规格话术复用）
    sd2-130 与 hl3-003 结构相似（n-gram 56%，模板变体/规格话术复用）
    sd2-244 与 sd2-245 结构相似（n-gram 53%，模板变体/规格话术复用）
    sd2-244 与 sd2-246 结构相似（n-gram 48%，模板变体/规格话术复用）
    sd2-244 与 sd2-247 结构相似（n-gram 47%，模板变体/规格话术复用）
    sd2-244 与 sd2-248 结构相似（n-gram 45%，模板变体/规格话术复用）
    sd2-244 与 sd2-257 结构相似（n-gram 47%，模板变体/规格话术复用）
✓ AI-全库.jsonl：3.3M 字节，971 行
✓ 追加 1 条 → 共 333 条；版本标签未变（V1.1）；已生成备份 20260916-082913__视频提示词库-多模型.html
   + sd25-056 Seedance 2.5 创意转场·运镜 / 名画·穿越 红伞贴镜·从夏日走进莫奈
== 双区全量校验 ==
文件：视频提示词库-多模型.html
版本：V1.1 ｜ 条目：333 ｜ 原文总字数：840258
  Seedance（324） ： 2.0 268、2.5 56
  可灵（6） ： 3.0 6
  海螺（3） ： H3 3
指纹可比对条目：333
ℹ 459 条结构相似提示（同模板变体，不拦截）：
    sd2-008 与 sd2-130 结构相似（n-gram 46%，模板变体/规格话术复用）
    sd2-008 与 hl3-003 结构相似（n-gram 50%，模板变体/规格话术复用）
    sd2-027 与 hl3-003 结构相似（n-gram 51%，模板变体/规格话术复用）
    sd2-127 与 hl3-003 结构相似（n-gram 46%，模板变体/规格话术复用）
    sd2-130 与 hl3-003 结构相似（n-gram 56%，模板变体/规格话术复用）
    sd2-244 与 sd2-245 结构相似（n-gram 53%，模板变体/规格话术复用）
    sd2-244 与 sd2-246 结构相似（n-gram 48%，模板变体/规格话术复用）
    sd2-244 与 sd2-247 结构相似（n-gram 47%，模板变体/规格话术复用）
    sd2-244 与 sd2-248 结构相似（n-gram 45%，模板变体/规格话术复用）
    sd2-244 与 sd2-257 结构相似（n-gram 47%，模板变体/规格话术复用）
✓ 全部通过：原文指纹一致、字段齐全、标题简介中文、标签合规、无重复；围栏/噪音/注入扫描清
✓ general：633 条，指纹 d842aa23dabab508 
✓ tutorials：5 条，指纹 80088d0b289f4131 
扩展区校验：全绿
"全库指纹": "52c618080763c02e"
✓ 变更记录 +1：- **2026-09-16（CI 自动同步）**：入库 1 条（332 → 333；全库指纹 `52c618080763c02e`）；README 规模与分类实况表由 CI 自动更新。
✓ README 已同步：333 条（原 332 条）｜ 指纹 52c618080763c02e ｜ 分类 16 大类 / 112 子类
✓ AI导读索引.md：162K 字符
✓ AI-全库.jsonl：3.3M 字节，971 行
